// Jest Snapshot v1, https://goo.gl/fbAQLP

exports[`renders iTunes Search App title 1`] = `
<DocumentFragment>
  <div
    class="container mt-4"
  >
    <h1
      class="mb-4"
    >
      iTunes Search App
    </h1>
    <div
      class="row mb-3"
    >
      <div
        class="col-md-6 col-lg-4"
      >
        <input
          class="form-control"
          placeholder="Enter search term"
          type="text"
          value=""
        />
      </div>
      <div
        class="col-md-4 col-lg-3"
      >
        <select
          class="form-control"
        >
          <option
            value="all"
          >
            All
          </option>
          <option
            value="movie"
          >
            Movie
          </option>
          <option
            value="music"
          >
            Music
          </option>
        </select>
      </div>
      <div
        class="col-md-2 col-lg-2"
      >
        <button
          class="btn btn-primary w-100"
        >
          Search
        </button>
      </div>
    </div>
    <div />
    <div
      class="mt-4"
    >
      <h2>
        Favorites
      </h2>
    </div>
  </div>
</DocumentFragment>
`;
